stm32g0xx_hal_irda.c:328:19:HAL_IRDA_Init	16	static
stm32g0xx_hal_irda.c:393:19:HAL_IRDA_DeInit	16	static
stm32g0xx_hal_irda.c:436:13:HAL_IRDA_MspInit	16	static
stm32g0xx_hal_irda.c:452:13:HAL_IRDA_MspDeInit	16	static
stm32g0xx_hal_irda.c:810:19:HAL_IRDA_Transmit	48	static
stm32g0xx_hal_irda.c:916:19:HAL_IRDA_Receive	48	static
stm32g0xx_hal_irda.c:1023:19:HAL_IRDA_Transmit_IT	24	static
stm32g0xx_hal_irda.c:1085:19:HAL_IRDA_Receive_IT	24	static
stm32g0xx_hal_irda.c:1154:19:HAL_IRDA_Transmit_DMA	24	static
stm32g0xx_hal_irda.c:1251:19:HAL_IRDA_Receive_DMA	24	static
stm32g0xx_hal_irda.c:1338:19:HAL_IRDA_DMAPause	16	static
stm32g0xx_hal_irda.c:1376:19:HAL_IRDA_DMAResume	16	static
stm32g0xx_hal_irda.c:1411:19:HAL_IRDA_DMAStop	16	static
stm32g0xx_hal_irda.c:1488:19:HAL_IRDA_Abort	16	static
stm32g0xx_hal_irda.c:1575:19:HAL_IRDA_AbortTransmit	16	static
stm32g0xx_hal_irda.c:1627:19:HAL_IRDA_AbortReceive	16	static
stm32g0xx_hal_irda.c:1685:19:HAL_IRDA_Abort_IT	24	static
stm32g0xx_hal_irda.c:1818:19:HAL_IRDA_AbortTransmit_IT	16	static
stm32g0xx_hal_irda.c:1896:19:HAL_IRDA_AbortReceive_IT	16	static
stm32g0xx_hal_irda.c:1972:6:HAL_IRDA_IRQHandler	40	static
stm32g0xx_hal_irda.c:2132:13:HAL_IRDA_TxCpltCallback	16	static
stm32g0xx_hal_irda.c:2148:13:HAL_IRDA_TxHalfCpltCallback	16	static
stm32g0xx_hal_irda.c:2164:13:HAL_IRDA_RxCpltCallback	16	static
stm32g0xx_hal_irda.c:2180:13:HAL_IRDA_RxHalfCpltCallback	16	static
stm32g0xx_hal_irda.c:2196:13:HAL_IRDA_ErrorCallback	16	static
stm32g0xx_hal_irda.c:2212:13:HAL_IRDA_AbortCpltCallback	16	static
stm32g0xx_hal_irda.c:2228:13:HAL_IRDA_AbortTransmitCpltCallback	16	static
stm32g0xx_hal_irda.c:2244:13:HAL_IRDA_AbortReceiveCpltCallback	16	static
stm32g0xx_hal_irda.c:2283:23:HAL_IRDA_GetState	24	static
stm32g0xx_hal_irda.c:2300:10:HAL_IRDA_GetError	16	static
stm32g0xx_hal_irda.c:2344:26:IRDA_SetConfig	32	static
stm32g0xx_hal_irda.c:2424:26:IRDA_CheckIdleState	32	static
stm32g0xx_hal_irda.c:2475:26:IRDA_WaitOnFlagUntilTimeout	24	static
stm32g0xx_hal_irda.c:2510:13:IRDA_EndTxTransfer	16	static
stm32g0xx_hal_irda.c:2526:13:IRDA_EndRxTransfer	16	static
stm32g0xx_hal_irda.c:2543:13:IRDA_DMATransmitCplt	24	static
stm32g0xx_hal_irda.c:2579:13:IRDA_DMATransmitHalfCplt	24	static
stm32g0xx_hal_irda.c:2598:13:IRDA_DMAReceiveCplt	24	static
stm32g0xx_hal_irda.c:2634:13:IRDA_DMAReceiveHalfCplt	24	static
stm32g0xx_hal_irda.c:2653:13:IRDA_DMAError	24	static
stm32g0xx_hal_irda.c:2693:13:IRDA_DMAAbortOnError	24	static
stm32g0xx_hal_irda.c:2716:13:IRDA_DMATxAbortCallback	24	static
stm32g0xx_hal_irda.c:2764:13:IRDA_DMARxAbortCallback	24	static
stm32g0xx_hal_irda.c:2812:13:IRDA_DMATxOnlyAbortCallback	24	static
stm32g0xx_hal_irda.c:2839:13:IRDA_DMARxOnlyAbortCallback	24	static
stm32g0xx_hal_irda.c:2869:13:IRDA_Transmit_IT	24	static
stm32g0xx_hal_irda.c:2908:13:IRDA_EndTransmit_IT	16	static
stm32g0xx_hal_irda.c:2933:13:IRDA_Receive_IT	24	static
